// Jest Snapshot v1, https://goo.gl/fbAQLP

exports[`Tasks Page Renders the tasks page, matching snapshot 1`] = `
{
  "mockedNavigate": [MockFunction],
  "renderResult": {
    "asFragment": [Function],
    "baseElement": <body>
      <div>
        <div
          class="page"
          data-testid="tasks-page"
        >
          <div
            class="header"
          >
            Tasks
          </div>
          <div
            class="taskListView"
          >
            <div
              class="taskList"
              data-testid="task-list"
            >
              <div
                class="actionBar"
              >
                <div
                  class="header"
                >
                  To be completed
                  <div
                    class="taskCount"
                    data-testid="task-count"
                  >
                    2
                  </div>
                </div>
                <div
                  class="actionMenu"
                >
                  <button
                    class="btn btn-light"
                    data-testid="new-task-button"
                    type="button"
                  >
                    <svg
                      fill="currentColor"
                      height="1em"
                      viewBox="0 0 16 16"
                      width="1em"
                      xmlns="http://www.w3.org/2000/svg"
                    >
                      <path
                        d="M8 4a.5.5 0 0 1 .5.5v3h3a.5.5 0 0 1 0 1h-3v3a.5.5 0 0 1-1 0v-3h-3a.5.5 0 0 1 0-1h3v-3A.5.5 0 0 1 8 4z"
                      />
                    </svg>
                  </button>
                  <button
                    class="btn btn-light"
                    type="button"
                  >
                    <svg
                      fill="currentColor"
                      height="1em"
                      viewBox="0 0 16 16"
                      width="1em"
                      xmlns="http://www.w3.org/2000/svg"
                    >
                      <path
                        d="M1.5 1.5A.5.5 0 0 1 2 1h12a.5.5 0 0 1 .5.5v2a.5.5 0 0 1-.128.334L10 8.692V13.5a.5.5 0 0 1-.342.474l-3 1A.5.5 0 0 1 6 14.5V8.692L1.628 3.834A.5.5 0 0 1 1.5 3.5v-2zm1 .5v1.308l4.372 4.858A.5.5 0 0 1 7 8.5v5.306l2-.666V8.5a.5.5 0 0 1 .128-.334L13.5 3.308V2h-11z"
                      />
                    </svg>
                  </button>
                  <button
                    class="btn btn-light"
                    type="button"
                  >
                    <svg
                      fill="currentColor"
                      height="1em"
                      viewBox="0 0 16 16"
                      width="1em"
                      xmlns="http://www.w3.org/2000/svg"
                    >
                      <path
                        d="M8 15A7 7 0 1 1 8 1a7 7 0 0 1 0 14zm0 1A8 8 0 1 0 8 0a8 8 0 0 0 0 16z"
                      />
                      <path
                        d="M5.255 5.786a.237.237 0 0 0 .241.247h.825c.138 0 .248-.113.266-.25.09-.656.54-1.134 1.342-1.134.686 0 1.314.343 1.314 1.168 0 .635-.374.927-.965 1.371-.673.489-1.206 1.06-1.168 1.987l.003.217a.25.25 0 0 0 .25.246h.811a.25.25 0 0 0 .25-.25v-.105c0-.718.273-.927 1.01-1.486.609-.463 1.244-.977 1.244-2.056 0-1.511-1.276-2.241-2.673-2.241-1.267 0-2.655.59-2.75 2.286zm1.557 5.763c0 .533.425.927 1.01.927.609 0 1.028-.394 1.028-.927 0-.552-.42-.94-1.029-.94-.584 0-1.009.388-1.009.94z"
                      />
                    </svg>
                  </button>
                </div>
              </div>
              <div
                class="list"
              >
                <div
                  class="header"
                >
                  <div
                    class="star"
                  >
                    <svg
                      fill="currentColor"
                      height="1em"
                      viewBox="0 0 16 16"
                      width="1em"
                      xmlns="http://www.w3.org/2000/svg"
                    >
                      <path
                        d="M3.612 15.443c-.386.198-.824-.149-.746-.592l.83-4.73L.173 6.765c-.329-.314-.158-.888.283-.95l4.898-.696L7.538.792c.197-.39.73-.39.927 0l2.184 4.327 4.898.696c.441.062.612.636.282.95l-3.522 3.356.83 4.73c.078.443-.36.79-.746.592L8 13.187l-4.389 2.256z"
                      />
                    </svg>
                  </div>
                  New
                </div>
                <div
                  class="taskItem"
                >
                  <input
                    class="checkBox form-check-input"
                    data-testid="completed-checkbox"
                    type="checkbox"
                  />
                  <div>
                    <div
                      class="title"
                      data-testid="task-list-item-title"
                    >
                      Test Task
                      <div
                        class="dueDate"
                        data-testid="task-list-item-due-date"
                      >
                        02/15/2023
                      </div>
                    </div>
                  </div>
                  <button
                    class="options btn btn-outline-light"
                    data-testid="open-button"
                    type="button"
                  >
                    <svg
                      fill="currentColor"
                      height="1em"
                      viewBox="0 0 16 16"
                      width="1em"
                      xmlns="http://www.w3.org/2000/svg"
                    >
                      <path
                        d="M3 9.5a1.5 1.5 0 1 1 0-3 1.5 1.5 0 0 1 0 3zm5 0a1.5 1.5 0 1 1 0-3 1.5 1.5 0 0 1 0 3zm5 0a1.5 1.5 0 1 1 0-3 1.5 1.5 0 0 1 0 3z"
                      />
                    </svg>
                  </button>
                </div>
                <div
                  class="taskItem"
                >
                  <input
                    checked=""
                    class="checkBox form-check-input"
                    data-testid="completed-checkbox"
                    type="checkbox"
                  />
                  <div>
                    <div
                      class="title"
                      data-testid="task-list-item-title"
                    >
                      Test Task 2
                      <div
                        class="dueDate"
                        data-testid="task-list-item-due-date"
                      >
                        02/15/2023
                      </div>
                    </div>
                  </div>
                  <button
                    class="options btn btn-outline-light"
                    data-testid="open-button"
                    type="button"
                  >
                    <svg
                      fill="currentColor"
                      height="1em"
                      viewBox="0 0 16 16"
                      width="1em"
                      xmlns="http://www.w3.org/2000/svg"
                    >
                      <path
                        d="M3 9.5a1.5 1.5 0 1 1 0-3 1.5 1.5 0 0 1 0 3zm5 0a1.5 1.5 0 1 1 0-3 1.5 1.5 0 0 1 0 3zm5 0a1.5 1.5 0 1 1 0-3 1.5 1.5 0 0 1 0 3z"
                      />
                    </svg>
                  </button>
                </div>
              </div>
            </div>
          </div>
          <div />
        </div>
      </div>
    </body>,
    "container": <div>
      <div
        class="page"
        data-testid="tasks-page"
      >
        <div
          class="header"
        >
          Tasks
        </div>
        <div
          class="taskListView"
        >
          <div
            class="taskList"
            data-testid="task-list"
          >
            <div
              class="actionBar"
            >
              <div
                class="header"
              >
                To be completed
                <div
                  class="taskCount"
                  data-testid="task-count"
                >
                  2
                </div>
              </div>
              <div
                class="actionMenu"
              >
                <button
                  class="btn btn-light"
                  data-testid="new-task-button"
                  type="button"
                >
                  <svg
                    fill="currentColor"
                    height="1em"
                    viewBox="0 0 16 16"
                    width="1em"
                    xmlns="http://www.w3.org/2000/svg"
                  >
                    <path
                      d="M8 4a.5.5 0 0 1 .5.5v3h3a.5.5 0 0 1 0 1h-3v3a.5.5 0 0 1-1 0v-3h-3a.5.5 0 0 1 0-1h3v-3A.5.5 0 0 1 8 4z"
                    />
                  </svg>
                </button>
                <button
                  class="btn btn-light"
                  type="button"
                >
                  <svg
                    fill="currentColor"
                    height="1em"
                    viewBox="0 0 16 16"
                    width="1em"
                    xmlns="http://www.w3.org/2000/svg"
                  >
                    <path
                      d="M1.5 1.5A.5.5 0 0 1 2 1h12a.5.5 0 0 1 .5.5v2a.5.5 0 0 1-.128.334L10 8.692V13.5a.5.5 0 0 1-.342.474l-3 1A.5.5 0 0 1 6 14.5V8.692L1.628 3.834A.5.5 0 0 1 1.5 3.5v-2zm1 .5v1.308l4.372 4.858A.5.5 0 0 1 7 8.5v5.306l2-.666V8.5a.5.5 0 0 1 .128-.334L13.5 3.308V2h-11z"
                    />
                  </svg>
                </button>
                <button
                  class="btn btn-light"
                  type="button"
                >
                  <svg
                    fill="currentColor"
                    height="1em"
                    viewBox="0 0 16 16"
                    width="1em"
                    xmlns="http://www.w3.org/2000/svg"
                  >
                    <path
                      d="M8 15A7 7 0 1 1 8 1a7 7 0 0 1 0 14zm0 1A8 8 0 1 0 8 0a8 8 0 0 0 0 16z"
                    />
                    <path
                      d="M5.255 5.786a.237.237 0 0 0 .241.247h.825c.138 0 .248-.113.266-.25.09-.656.54-1.134 1.342-1.134.686 0 1.314.343 1.314 1.168 0 .635-.374.927-.965 1.371-.673.489-1.206 1.06-1.168 1.987l.003.217a.25.25 0 0 0 .25.246h.811a.25.25 0 0 0 .25-.25v-.105c0-.718.273-.927 1.01-1.486.609-.463 1.244-.977 1.244-2.056 0-1.511-1.276-2.241-2.673-2.241-1.267 0-2.655.59-2.75 2.286zm1.557 5.763c0 .533.425.927 1.01.927.609 0 1.028-.394 1.028-.927 0-.552-.42-.94-1.029-.94-.584 0-1.009.388-1.009.94z"
                    />
                  </svg>
                </button>
              </div>
            </div>
            <div
              class="list"
            >
              <div
                class="header"
              >
                <div
                  class="star"
                >
                  <svg
                    fill="currentColor"
                    height="1em"
                    viewBox="0 0 16 16"
                    width="1em"
                    xmlns="http://www.w3.org/2000/svg"
                  >
                    <path
                      d="M3.612 15.443c-.386.198-.824-.149-.746-.592l.83-4.73L.173 6.765c-.329-.314-.158-.888.283-.95l4.898-.696L7.538.792c.197-.39.73-.39.927 0l2.184 4.327 4.898.696c.441.062.612.636.282.95l-3.522 3.356.83 4.73c.078.443-.36.79-.746.592L8 13.187l-4.389 2.256z"
                    />
                  </svg>
                </div>
                New
              </div>
              <div
                class="taskItem"
              >
                <input
                  class="checkBox form-check-input"
                  data-testid="completed-checkbox"
                  type="checkbox"
                />
                <div>
                  <div
                    class="title"
                    data-testid="task-list-item-title"
                  >
                    Test Task
                    <div
                      class="dueDate"
                      data-testid="task-list-item-due-date"
                    >
                      02/15/2023
                    </div>
                  </div>
                </div>
                <button
                  class="options btn btn-outline-light"
                  data-testid="open-button"
                  type="button"
                >
                  <svg
                    fill="currentColor"
                    height="1em"
                    viewBox="0 0 16 16"
                    width="1em"
                    xmlns="http://www.w3.org/2000/svg"
                  >
                    <path
                      d="M3 9.5a1.5 1.5 0 1 1 0-3 1.5 1.5 0 0 1 0 3zm5 0a1.5 1.5 0 1 1 0-3 1.5 1.5 0 0 1 0 3zm5 0a1.5 1.5 0 1 1 0-3 1.5 1.5 0 0 1 0 3z"
                    />
                  </svg>
                </button>
              </div>
              <div
                class="taskItem"
              >
                <input
                  checked=""
                  class="checkBox form-check-input"
                  data-testid="completed-checkbox"
                  type="checkbox"
                />
                <div>
                  <div
                    class="title"
                    data-testid="task-list-item-title"
                  >
                    Test Task 2
                    <div
                      class="dueDate"
                      data-testid="task-list-item-due-date"
                    >
                      02/15/2023
                    </div>
                  </div>
                </div>
                <button
                  class="options btn btn-outline-light"
                  data-testid="open-button"
                  type="button"
                >
                  <svg
                    fill="currentColor"
                    height="1em"
                    viewBox="0 0 16 16"
                    width="1em"
                    xmlns="http://www.w3.org/2000/svg"
                  >
                    <path
                      d="M3 9.5a1.5 1.5 0 1 1 0-3 1.5 1.5 0 0 1 0 3zm5 0a1.5 1.5 0 1 1 0-3 1.5 1.5 0 0 1 0 3zm5 0a1.5 1.5 0 1 1 0-3 1.5 1.5 0 0 1 0 3z"
                    />
                  </svg>
                </button>
              </div>
            </div>
          </div>
        </div>
        <div />
      </div>
    </div>,
    "debug": [Function],
    "findAllByAltText": [Function],
    "findAllByDisplayValue": [Function],
    "findAllByLabelText": [Function],
    "findAllByPlaceholderText": [Function],
    "findAllByRole": [Function],
    "findAllByTestId": [Function],
    "findAllByText": [Function],
    "findAllByTitle": [Function],
    "findByAltText": [Function],
    "findByDisplayValue": [Function],
    "findByLabelText": [Function],
    "findByPlaceholderText": [Function],
    "findByRole": [Function],
    "findByTestId": [Function],
    "findByText": [Function],
    "findByTitle": [Function],
    "getAllByAltText": [Function],
    "getAllByDisplayValue": [Function],
    "getAllByLabelText": [Function],
    "getAllByPlaceholderText": [Function],
    "getAllByRole": [Function],
    "getAllByTestId": [Function],
    "getAllByText": [Function],
    "getAllByTitle": [Function],
    "getByAltText": [Function],
    "getByDisplayValue": [Function],
    "getByLabelText": [Function],
    "getByPlaceholderText": [Function],
    "getByRole": [Function],
    "getByTestId": [Function],
    "getByText": [Function],
    "getByTitle": [Function],
    "queryAllByAltText": [Function],
    "queryAllByDisplayValue": [Function],
    "queryAllByLabelText": [Function],
    "queryAllByPlaceholderText": [Function],
    "queryAllByRole": [Function],
    "queryAllByTestId": [Function],
    "queryAllByText": [Function],
    "queryAllByTitle": [Function],
    "queryByAltText": [Function],
    "queryByDisplayValue": [Function],
    "queryByLabelText": [Function],
    "queryByPlaceholderText": [Function],
    "queryByRole": [Function],
    "queryByTestId": [Function],
    "queryByText": [Function],
    "queryByTitle": [Function],
    "rerender": [Function],
    "unmount": [Function],
  },
  "store": {
    "@@observable": [Function],
    "dispatch": [Function],
    "getState": [Function],
    "replaceReducer": [Function],
    "subscribe": [Function],
  },
}
`;
