// Jest Snapshot v1, https://goo.gl/fbAQLP

exports[`Login Page Renders the login page, matching snapshot 1`] = `
{
  "mockedNavigate": [MockFunction],
  "renderResult": {
    "asFragment": [Function],
    "baseElement": <body>
      <div>
        <div
          class="page"
        >
          <form
            class="loginForm"
            data-testid="login-form"
          >
            <div
              class="header"
            >
              Welcome to Patient Management App
            </div>
            <div
              class="subHeader"
            >
              Login
            </div>
            <div
              class="mb-3"
            >
              <label
                class="form-label"
                for="formBasicEmail"
              >
                Email address
              </label>
              <input
                class="form-control"
                data-testid="login-email-field"
                id="formBasicEmail"
                placeholder="Enter email"
                type="email"
              />
              <div
                class="invalid-feedback"
                data-testid="invalid-login"
              >
                Username or password does not match
              </div>
            </div>
            <div
              class="mb-3"
            >
              <label
                class="form-label"
                for="formBasicPassword"
              >
                Password
              </label>
              <input
                class="form-control"
                data-testid="login-password-field"
                id="formBasicPassword"
                placeholder="Password"
                type="password"
              />
            </div>
            <button
              class="submitButton btn btn-primary"
              data-testid="login-button"
              type="button"
            >
              Submit
            </button>
          </form>
          <div
            class="demoView"
          >
            <div>
              <img
                alt="fireSpot"
                src=""
                style="width: 100%; height: 100%; object-fit: contain;"
              />
            </div>
          </div>
        </div>
      </div>
    </body>,
    "container": <div>
      <div
        class="page"
      >
        <form
          class="loginForm"
          data-testid="login-form"
        >
          <div
            class="header"
          >
            Welcome to Patient Management App
          </div>
          <div
            class="subHeader"
          >
            Login
          </div>
          <div
            class="mb-3"
          >
            <label
              class="form-label"
              for="formBasicEmail"
            >
              Email address
            </label>
            <input
              class="form-control"
              data-testid="login-email-field"
              id="formBasicEmail"
              placeholder="Enter email"
              type="email"
            />
            <div
              class="invalid-feedback"
              data-testid="invalid-login"
            >
              Username or password does not match
            </div>
          </div>
          <div
            class="mb-3"
          >
            <label
              class="form-label"
              for="formBasicPassword"
            >
              Password
            </label>
            <input
              class="form-control"
              data-testid="login-password-field"
              id="formBasicPassword"
              placeholder="Password"
              type="password"
            />
          </div>
          <button
            class="submitButton btn btn-primary"
            data-testid="login-button"
            type="button"
          >
            Submit
          </button>
        </form>
        <div
          class="demoView"
        >
          <div>
            <img
              alt="fireSpot"
              src=""
              style="width: 100%; height: 100%; object-fit: contain;"
            />
          </div>
        </div>
      </div>
    </div>,
    "debug": [Function],
    "findAllByAltText": [Function],
    "findAllByDisplayValue": [Function],
    "findAllByLabelText": [Function],
    "findAllByPlaceholderText": [Function],
    "findAllByRole": [Function],
    "findAllByTestId": [Function],
    "findAllByText": [Function],
    "findAllByTitle": [Function],
    "findByAltText": [Function],
    "findByDisplayValue": [Function],
    "findByLabelText": [Function],
    "findByPlaceholderText": [Function],
    "findByRole": [Function],
    "findByTestId": [Function],
    "findByText": [Function],
    "findByTitle": [Function],
    "getAllByAltText": [Function],
    "getAllByDisplayValue": [Function],
    "getAllByLabelText": [Function],
    "getAllByPlaceholderText": [Function],
    "getAllByRole": [Function],
    "getAllByTestId": [Function],
    "getAllByText": [Function],
    "getAllByTitle": [Function],
    "getByAltText": [Function],
    "getByDisplayValue": [Function],
    "getByLabelText": [Function],
    "getByPlaceholderText": [Function],
    "getByRole": [Function],
    "getByTestId": [Function],
    "getByText": [Function],
    "getByTitle": [Function],
    "queryAllByAltText": [Function],
    "queryAllByDisplayValue": [Function],
    "queryAllByLabelText": [Function],
    "queryAllByPlaceholderText": [Function],
    "queryAllByRole": [Function],
    "queryAllByTestId": [Function],
    "queryAllByText": [Function],
    "queryAllByTitle": [Function],
    "queryByAltText": [Function],
    "queryByDisplayValue": [Function],
    "queryByLabelText": [Function],
    "queryByPlaceholderText": [Function],
    "queryByRole": [Function],
    "queryByTestId": [Function],
    "queryByText": [Function],
    "queryByTitle": [Function],
    "rerender": [Function],
    "unmount": [Function],
  },
  "store": {
    "@@observable": [Function],
    "dispatch": [Function],
    "getState": [Function],
    "replaceReducer": [Function],
    "subscribe": [Function],
  },
}
`;
